Starting test...
Fetching quoteSummary for AAPL with news module...
Error caught: Call `const yahooFinance = new YahooFinance()` first.  Upgrading from v2?  See https://github.com/gadicc/yahoo-finance2/blob/dev/docs/UPGRADING.md.
Error: Call `const yahooFinance = new YahooFinance()` first.  Upgrading from v2?  See https://github.com/gadicc/yahoo-finance2/blob/dev/docs/UPGRADING.md.
    at YahooFinance.quoteSummary (C:\Users\Brian\.gemini\antigravity\scratch\marketflow\node_modules\yahoo-finance2\script\src\createYahooFinance.js:196:19)
    at test (C:\Users\Brian\.gemini\antigravity\scratch\marketflow\test-news-2.ts:11:43)
    at fs (C:\Users\Brian\.gemini\antigravity\scratch\marketflow\test-news-2.ts:35:1)
    at Object.<anonymous> (C:\Users\Brian\.gemini\antigravity\scratch\marketflow\test-news-2.ts:35:6)
    at Module._compile (node:internal/modules/cjs/loader:1761:14)
    at Object.transformer (C:\Users\Brian\AppData\Local\npm-cache\_npx\fd45a72a545557e9\node_modules\tsx\dist\register-D46fvsV_.cjs:3:1104)
    at Module.load (node:internal/modules/cjs/loader:1481:32)
    at Module._load (node:internal/modules/cjs/loader:1300:12)
    at TracingChannel.traceSync (node:diagnostics_channel:328:14)
    at wrapModuleLoad (node:internal/modules/cjs/loader:245:24)